Archive member included to satisfy reference by file (symbol)

/home/kunyi/local/gcc-arm-none-eabi-6-2017-q1-update/bin/../lib/gcc/arm-none-eabi/6.3.1/../../../../arm-none-eabi/lib/thumb/v7e-m/fpv4-sp/hard/libg_nano.a(lib_a-errno.o)
                              ./CMSIS/GCC/_syscalls.o (__errno)
/home/kunyi/local/gcc-arm-none-eabi-6-2017-q1-update/bin/../lib/gcc/arm-none-eabi/6.3.1/../../../../arm-none-eabi/lib/thumb/v7e-m/fpv4-sp/hard/libg_nano.a(lib_a-exit.o)
                              /home/kunyi/local/gcc-arm-none-eabi-6-2017-q1-update/bin/../lib/gcc/arm-none-eabi/6.3.1/../../../../arm-none-eabi/lib/thumb/v7e-m/fpv4-sp/hard/crt0.o (exit)
/home/kunyi/local/gcc-arm-none-eabi-6-2017-q1-update/bin/../lib/gcc/arm-none-eabi/6.3.1/../../../../arm-none-eabi/lib/thumb/v7e-m/fpv4-sp/hard/libg_nano.a(lib_a-impure.o)
                              /home/kunyi/local/gcc-arm-none-eabi-6-2017-q1-update/bin/../lib/gcc/arm-none-eabi/6.3.1/../../../../arm-none-eabi/lib/thumb/v7e-m/fpv4-sp/hard/libg_nano.a(lib_a-exit.o) (_global_impure_ptr)
/home/kunyi/local/gcc-arm-none-eabi-6-2017-q1-update/bin/../lib/gcc/arm-none-eabi/6.3.1/../../../../arm-none-eabi/lib/thumb/v7e-m/fpv4-sp/hard/libg_nano.a(lib_a-init.o)
                              /home/kunyi/local/gcc-arm-none-eabi-6-2017-q1-update/bin/../lib/gcc/arm-none-eabi/6.3.1/../../../../arm-none-eabi/lib/thumb/v7e-m/fpv4-sp/hard/crt0.o (__libc_init_array)
/home/kunyi/local/gcc-arm-none-eabi-6-2017-q1-update/bin/../lib/gcc/arm-none-eabi/6.3.1/../../../../arm-none-eabi/lib/thumb/v7e-m/fpv4-sp/hard/libg_nano.a(lib_a-memset.o)
                              /home/kunyi/local/gcc-arm-none-eabi-6-2017-q1-update/bin/../lib/gcc/arm-none-eabi/6.3.1/../../../../arm-none-eabi/lib/thumb/v7e-m/fpv4-sp/hard/crt0.o (memset)
/home/kunyi/local/gcc-arm-none-eabi-6-2017-q1-update/bin/../lib/gcc/arm-none-eabi/6.3.1/../../../../arm-none-eabi/lib/thumb/v7e-m/fpv4-sp/hard/libg_nano.a(lib_a-printf.o)
                              ./User/main.o (printf)
/home/kunyi/local/gcc-arm-none-eabi-6-2017-q1-update/bin/../lib/gcc/arm-none-eabi/6.3.1/../../../../arm-none-eabi/lib/thumb/v7e-m/fpv4-sp/hard/libg_nano.a(lib_a-puts.o)
                              ./User/main.o (puts)
/home/kunyi/local/gcc-arm-none-eabi-6-2017-q1-update/bin/../lib/gcc/arm-none-eabi/6.3.1/../../../../arm-none-eabi/lib/thumb/v7e-m/fpv4-sp/hard/libg_nano.a(lib_a-rget.o)
                              ./User/main.o (__srget_r)
/home/kunyi/local/gcc-arm-none-eabi-6-2017-q1-update/bin/../lib/gcc/arm-none-eabi/6.3.1/../../../../arm-none-eabi/lib/thumb/v7e-m/fpv4-sp/hard/libg_nano.a(lib_a-wbuf.o)
                              /home/kunyi/local/gcc-arm-none-eabi-6-2017-q1-update/bin/../lib/gcc/arm-none-eabi/6.3.1/../../../../arm-none-eabi/lib/thumb/v7e-m/fpv4-sp/hard/libg_nano.a(lib_a-puts.o) (__swbuf_r)
/home/kunyi/local/gcc-arm-none-eabi-6-2017-q1-update/bin/../lib/gcc/arm-none-eabi/6.3.1/../../../../arm-none-eabi/lib/thumb/v7e-m/fpv4-sp/hard/libg_nano.a(lib_a-wsetup.o)
                              /home/kunyi/local/gcc-arm-none-eabi-6-2017-q1-update/bin/../lib/gcc/arm-none-eabi/6.3.1/../../../../arm-none-eabi/lib/thumb/v7e-m/fpv4-sp/hard/libg_nano.a(lib_a-puts.o) (__swsetup_r)
/home/kunyi/local/gcc-arm-none-eabi-6-2017-q1-update/bin/../lib/gcc/arm-none-eabi/6.3.1/../../../../arm-none-eabi/lib/thumb/v7e-m/fpv4-sp/hard/libg_nano.a(lib_a-fflush.o)
                              /home/kunyi/local/gcc-arm-none-eabi-6-2017-q1-update/bin/../lib/gcc/arm-none-eabi/6.3.1/../../../../arm-none-eabi/lib/thumb/v7e-m/fpv4-sp/hard/libg_nano.a(lib_a-wbuf.o) (_fflush_r)
/home/kunyi/local/gcc-arm-none-eabi-6-2017-q1-update/bin/../lib/gcc/arm-none-eabi/6.3.1/../../../../arm-none-eabi/lib/thumb/v7e-m/fpv4-sp/hard/libg_nano.a(lib_a-findfp.o)
                              /home/kunyi/local/gcc-arm-none-eabi-6-2017-q1-update/bin/../lib/gcc/arm-none-eabi/6.3.1/../../../../arm-none-eabi/lib/thumb/v7e-m/fpv4-sp/hard/libg_nano.a(lib_a-printf.o) (__sinit)
/home/kunyi/local/gcc-arm-none-eabi-6-2017-q1-update/bin/../lib/gcc/arm-none-eabi/6.3.1/../../../../arm-none-eabi/lib/thumb/v7e-m/fpv4-sp/hard/libg_nano.a(lib_a-fwalk.o)
                              /home/kunyi/local/gcc-arm-none-eabi-6-2017-q1-update/bin/../lib/gcc/arm-none-eabi/6.3.1/../../../../arm-none-eabi/lib/thumb/v7e-m/fpv4-sp/hard/libg_nano.a(lib_a-findfp.o) (_fwalk)
/home/kunyi/local/gcc-arm-none-eabi-6-2017-q1-update/bin/../lib/gcc/arm-none-eabi/6.3.1/../../../../arm-none-eabi/lib/thumb/v7e-m/fpv4-sp/hard/libg_nano.a(lib_a-makebuf.o)
                              /home/kunyi/local/gcc-arm-none-eabi-6-2017-q1-update/bin/../lib/gcc/arm-none-eabi/6.3.1/../../../../arm-none-eabi/lib/thumb/v7e-m/fpv4-sp/hard/libg_nano.a(lib_a-wsetup.o) (__smakebuf_r)
/home/kunyi/local/gcc-arm-none-eabi-6-2017-q1-update/bin/../lib/gcc/arm-none-eabi/6.3.1/../../../../arm-none-eabi/lib/thumb/v7e-m/fpv4-sp/hard/libg_nano.a(lib_a-nano-freer.o)
[...]
Memory Configuration

Name             Origin             Length             Attributes
FLASH            0x0000000000000000 0x0000000000040000 xr
RAM              0x0000000020000000 0x0000000000020000 xrw
*default*        0x0000000000000000 0xffffffffffffffff

Linker script and memory map

LOAD /home/kunyi/local/gcc-arm-none-eabi-6-2017-q1-update/bin/../lib/gcc/arm-none-eabi/6.3.1/thumb/v7e-m/fpv4-sp/hard/crti.o
LOAD /home/kunyi/local/gcc-arm-none-eabi-6-2017-q1-update/bin/../lib/gcc/arm-none-eabi/6.3.1/thumb/v7e-m/fpv4-sp/hard/crtbegin.o
LOAD /home/kunyi/local/gcc-arm-none-eabi-6-2017-q1-update/bin/../lib/gcc/arm-none-eabi/6.3.1/../../../../arm-none-eabi/lib/thumb/v7e-m/fpv4-sp/hard/crt0.o
LOAD ./User/main.o
LOAD ./Library/bpwm.o
LOAD ./Library/clk.o
LOAD ./Library/retarget.o
LOAD ./Library/sys.o
LOAD ./Library/uart.o
LOAD ./CMSIS/GCC/_syscalls.o
LOAD ./CMSIS/GCC/startup_M480.o
LOAD ./CMSIS/system_M480.o
START GROUP
LOAD /home/kunyi/local/gcc-arm-none-eabi-6-2017-q1-update/bin/../lib/gcc/arm-none-eabi/6.3.1/thumb/v7e-m/fpv4-sp/hard/libgcc.a
LOAD /home/kunyi/local/gcc-arm-none-eabi-6-2017-q1-update/bin/../lib/gcc/arm-none-eabi/6.3.1/../../../../arm-none-eabi/lib/thumb/v7e-m/fpv4-sp/hard/libg_nano.a
LOAD /home/kunyi/local/gcc-arm-none-eabi-6-2017-q1-update/bin/../lib/gcc/arm-none-eabi/6.3.1/../../../../arm-none-eabi/lib/thumb/v7e-m/fpv4-sp/hard/libc_nano.a
END GROUP
START GROUP
LOAD /home/kunyi/local/gcc-arm-none-eabi-6-2017-q1-update/bin/../lib/gcc/arm-none-eabi/6.3.1/thumb/v7e-m/fpv4-sp/hard/libgcc.a
LOAD /home/kunyi/local/gcc-arm-none-eabi-6-2017-q1-update/bin/../lib/gcc/arm-none-eabi/6.3.1/../../../../arm-none-eabi/lib/thumb/v7e-m/fpv4-sp/hard/libc_nano.a
END GROUP
LOAD /home/kunyi/local/gcc-arm-none-eabi-6-2017-q1-update/bin/../lib/gcc/arm-none-eabi/6.3.1/thumb/v7e-m/fpv4-sp/hard/crtend.o
LOAD /home/kunyi/local/gcc-arm-none-eabi-6-2017-q1-update/bin/../lib/gcc/arm-none-eabi/6.3.1/thumb/v7e-m/fpv4-sp/hard/crtn.o
START GROUP
LOAD /home/kunyi/local/gcc-arm-none-eabi-6-2017-q1-update/bin/../lib/gcc/arm-none-eabi/6.3.1/thumb/v7e-m/fpv4-sp/hard/libgcc.a
LOAD /home/kunyi/local/gcc-arm-none-eabi-6-2017-q1-update/bin/../lib/gcc/arm-none-eabi/6.3.1/../../../../arm-none-eabi/lib/thumb/v7e-m/fpv4-sp/hard/libc.a
LOAD /home/kunyi/local/gcc-arm-none-eabi-6-2017-q1-update/bin/../lib/gcc/arm-none-eabi/6.3.1/../../../../arm-none-eabi/lib/thumb/v7e-m/fpv4-sp/hard/libm.a
LOAD /home/kunyi/local/gcc-arm-none-eabi-6-2017-q1-update/bin/../lib/gcc/arm-none-eabi/6.3.1/../../../../arm-none-eabi/lib/thumb/v7e-m/fpv4-sp/hard/libnosys.a
END GROUP

.text           0x0000000000000000     0x20e4
 *(.vectors)
 .vectors       0x0000000000000000      0x1b8 ./CMSIS/GCC/startup_M480.o
                0x0000000000000000                __Vectors
                0x00000000000001b8                __Vectors_End = .
                0x00000000000001b8                __Vectors_Size = (__Vectors_End - __Vectors)
                0x00000000000001b8                __end__ = .
 *(.text*)
 .text          0x00000000000001b8       0x6c /home/kunyi/local/gcc-arm-none-eabi-6-2017-q1-update/bin/../lib/gcc/arm-none-eabi/6.3.1/thumb/v7e-m/fpv4-sp/hard/crtbegin.o
 .text          0x0000000000000224       0x74 /home/kunyi/local/gcc-arm-none-eabi-6-2017-q1-update/bin/../lib/gcc/arm-none-eabi/6.3.1/../../../../arm-none-eabi/lib/thumb/v7e-m/fpv4-sp/hard/crt0.o
                0x0000000000000224                _mainCRTStartup
                0x0000000000000224                _start
 .text.SYS_Init
                0x0000000000000298       0x9c ./User/main.o
                0x0000000000000298                SYS_Init
 .text.main     0x0000000000000334       0xa8 ./User/main.o
                0x0000000000000334                main
 .text.BPWM_ConfigOutputChannel
                0x00000000000003dc      0x124 ./Library/bpwm.o
                0x00000000000003dc                BPWM_ConfigOutputChannel
 .text.BPWM_Start
                0x0000000000000500        0x6 ./Library/bpwm.o
                0x0000000000000500                BPWM_Start
 .text.BPWM_ForceStop
                0x0000000000000506        0xa ./Library/bpwm.o
                0x0000000000000506                BPWM_ForceStop
 .text.BPWM_EnableOutput
                0x0000000000000510        0xc ./Library/bpwm.o
                0x0000000000000510                BPWM_EnableOutput
 .text.CLK_GetPCLK0Freq
                0x000000000000051c       0x74 ./Library/clk.o
                0x000000000000051c                CLK_GetPCLK0Freq
 .text.CLK_GetPCLK1Freq
                0x0000000000000590       0x74 ./Library/clk.o
                0x0000000000000590                CLK_GetPCLK1Freq
 .text.CLK_SetModuleClock
                0x0000000000000604       0x64 ./Library/clk.o
                0x0000000000000604                CLK_SetModuleClock
 .text.CLK_EnableXtalRC
                0x0000000000000668       0x10 ./Library/clk.o
                0x0000000000000668                CLK_EnableXtalRC
 .text.CLK_EnableModuleClock
                0x0000000000000678       0x1c ./Library/clk.o
                0x0000000000000678                CLK_EnableModuleClock
 .text.CLK_DisablePLL
                0x0000000000000694       0x10 ./Library/clk.o
                0x0000000000000694                CLK_DisablePLL
 .text.CLK_WaitClockReady
                0x00000000000006a4       0x28 ./Library/clk.o
                0x00000000000006a4                CLK_WaitClockReady
 .text.CLK_SetHCLK
                0x00000000000006cc       0x4c ./Library/clk.o
                0x00000000000006cc                CLK_SetHCLK
 .text.CLK_GetPLLClockFreq
                0x0000000000000718       0x5c ./Library/clk.o
                0x0000000000000718                CLK_GetPLLClockFreq
 .text.CLK_EnablePLL
                0x0000000000000774      0x15c ./Library/clk.o
                0x0000000000000774                CLK_EnablePLL
 .text.CLK_SetCoreClock
                0x00000000000008d0       0x7c ./Library/clk.o
                0x00000000000008d0                CLK_SetCoreClock
 .text.stackDump
                0x000000000000094c       0x68 ./Library/retarget.o
 .text.Hard_Fault_Handler
                0x00000000000009b4       0x18 ./Library/retarget.o
                0x00000000000009b4                Hard_Fault_Handler
 .text.HardFault_Handler
                0x00000000000009cc       0x24 ./Library/retarget.o
                0x00000000000009cc                HardFault_Handler
 .text._write   0x00000000000009f0       0x48 ./Library/retarget.o
                0x00000000000009f0                _write
 .text._read    0x0000000000000a38       0x18 ./Library/retarget.o
                0x0000000000000a38                _read
 .text.UART_Open
                0x0000000000000a50      0x11c ./Library/uart.o
                0x0000000000000a50                UART_Open
 .text._close   0x0000000000000b6c       0x10 ./CMSIS/GCC/_syscalls.o
                0x0000000000000b6c                _close
 .text._fstat   0x0000000000000b7c       0x10 ./CMSIS/GCC/_syscalls.o
                0x0000000000000b7c                _fstat
 .text._isatty  0x0000000000000b8c        0xe ./CMSIS/GCC/_syscalls.o
                0x0000000000000b8c                _isatty
 .text._lseek   0x0000000000000b9a       0x10 ./CMSIS/GCC/_syscalls.o
                0x0000000000000b9a                _lseek
 *fill*         0x0000000000000baa        0x2 
 .text          0x0000000000000bac       0x68 ./CMSIS/GCC/startup_M480.o
                0x0000000000000bac                Reset_Handler
                0x0000000000000c10                EPWM0P2_IRQHandler
                0x0000000000000c10                BRAKE0_IRQHandler
                0x0000000000000c10                ADC00_IRQHandler
                0x0000000000000c10                SC2_IRQHandler
                0x0000000000000c10                DebugMon_Handler
                0x0000000000000c10                EPWM1P2_IRQHandler
                0x0000000000000c10                ADC02_IRQHandler
                0x0000000000000c10                ACMP01_IRQHandler
                0x0000000000000c10                I2C0_IRQHandler
                0x0000000000000c10                EMAC_RX_IRQHandler
                0x0000000000000c10                SC0_IRQHandler
                0x0000000000000c10                USCI0_IRQHandler
                0x0000000000000c10                SysTick_Handler
                0x0000000000000c10                PendSV_Handler
                0x0000000000000c10                NMI_Handler
                0x0000000000000c10                I2C1_IRQHandler
                0x0000000000000c10                EINT2_IRQHandler
                0x0000000000000c10                UART1_IRQHandler
                0x0000000000000c10                CAN1_IRQHandler
                0x0000000000000c10                EINT3_IRQHandler
                0x0000000000000c10                I2S0_IRQHandler
                0x0000000000000c10                EINT6_IRQHandler
                0x0000000000000c10                EPWM1P1_IRQHandler
                0x0000000000000c10                UART0_IRQHandler
                0x0000000000000c10                BRAKE1_IRQHandler
                0x0000000000000c10                GPE_IRQHandler
                0x0000000000000c10                EPWM1P0_IRQHandler
                0x0000000000000c10                SDH1_IRQHandler
                0x0000000000000c10                USBD_IRQHandler
                0x0000000000000c10                UsageFault_Handler
                0x0000000000000c10                GPB_IRQHandler
                0x0000000000000c10                SPI1_IRQHandler
                0x0000000000000c10                TAMPER_IRQHandler
                0x0000000000000c10                TMR0_IRQHandler
                0x0000000000000c10                USCI1_IRQHandler
                0x0000000000000c10                SDH0_IRQHandler
                0x0000000000000c10                QSPI0_IRQHandler
                0x0000000000000c10                EPWM0P1_IRQHandler
                0x0000000000000c10                GPA_IRQHandler
                0x0000000000000c10                IRC_IRQHandler
                0x0000000000000c10                I2C2_IRQHandler
                0x0000000000000c10                EINT7_IRQHandler
                0x0000000000000c10                RTC_IRQHandler
                0x0000000000000c10                PWRWU_IRQHandler
                0x0000000000000c10                UART5_IRQHandler
                0x0000000000000c10                BPWM1_IRQHandler
                0x0000000000000c10                EINT1_IRQHandler
                0x0000000000000c10                UART2_IRQHandler
                0x0000000000000c10                EHCI_IRQHandler
                0x0000000000000c10                GPH_IRQHandler
                0x0000000000000c10                UART4_IRQHandler
                0x0000000000000c10                GPC_IRQHandler
                0x0000000000000c10                OHCI_IRQHandler
                0x0000000000000c10                Default_Handler
                0x0000000000000c10                CKFAIL_IRQHandler
                0x0000000000000c10                USBOTG20_IRQHandler
                0x0000000000000c10                QEI1_IRQHandler
                0x0000000000000c10                TMR2_IRQHandler
                0x0000000000000c10                SPIM_IRQHandler
                0x0000000000000c10                ECAP0_IRQHandler
                0x0000000000000c10                QEI0_IRQHandler
                0x0000000000000c10                BPWM0_IRQHandler
                0x0000000000000c10                BOD_IRQHandler
                0x0000000000000c10                SPI2_IRQHandler
                0x0000000000000c10                MemManage_Handler
                0x0000000000000c10                WDT_IRQHandler
                0x0000000000000c10                SVC_Handler
                0x0000000000000c10                ADC01_IRQHandler
                0x0000000000000c10                USBOTG_IRQHandler
                0x0000000000000c10                OPA0_IRQHandler
                0x0000000000000c10                EINT4_IRQHandler
                0x0000000000000c10                USBD20_IRQHandler
                0x0000000000000c10                PDMA_IRQHandler
                0x0000000000000c10                SC1_IRQHandler
                0x0000000000000c10                RAMPE_IRQHandler
                0x0000000000000c10                EPWM0P0_IRQHandler
                0x0000000000000c10                EINT0_IRQHandler
                0x0000000000000c10                EINT5_IRQHandler
                0x0000000000000c10                CRYPTO_IRQHandler
                0x0000000000000c10                GPG_IRQHandler
                0x0000000000000c10                CAN0_IRQHandler
                0x0000000000000c10                TMR3_IRQHandler
                0x0000000000000c10                DAC_IRQHandler
                0x0000000000000c10                EMAC_TX_IRQHandler
                0x0000000000000c10                SPI0_IRQHandler
                0x0000000000000c10                GPD_IRQHandler
                0x0000000000000c10                ECAP1_IRQHandler
                0x0000000000000c10                GPF_IRQHandler
                0x0000000000000c10                BusFault_Handler
                0x0000000000000c10                SPI3_IRQHandler
                0x0000000000000c10                UART3_IRQHandler
                0x0000000000000c10                TMR1_IRQHandler
                0x0000000000000c10                ADC03_IRQHandler
                0x0000000000000c10                WWDT_IRQHandler
 .text.SystemCoreClockUpdate
                0x0000000000000c14       0x5c ./CMSIS/system_M480.o
                0x0000000000000c14                SystemCoreClockUpdate
 .text.SystemInit
                0x0000000000000c70       0x74 ./CMSIS/system_M480.o
                0x0000000000000c70                SystemInit
 .text.__errno  0x0000000000000ce4        0xc /home/kunyi/local/gcc-arm-none-eabi-6-2017-q1-update/bin/../lib/gcc/arm-none-eabi/6.3.1/../../../../arm-none-eabi/lib/thumb/v7e-m/fpv4-sp/hard/libg_nano.a(lib_a-errno.o)
                0x0000000000000ce4                __errno
 .text.exit     0x0000000000000cf0       0x28 /home/kunyi/local/gcc-arm-none-eabi-6-2017-q1-update/bin/../lib/gcc/arm-none-eabi/6.3.1/../../../../arm-none-eabi/lib/thumb/v7e-m/fpv4-sp/hard/libg_nano.a(lib_a-exit.o)
                0x0000000000000cf0                exit
 .text.__libc_init_array
                0x0000000000000d18       0x48 /home/kunyi/local/gcc-arm-none-eabi-6-2017-q1-update/bin/../lib/gcc/arm-none-eabi/6.3.1/../../../../arm-none-eabi/lib/thumb/v7e-m/fpv4-sp/hard/libg_nano.a(lib_a-init.o)
                0x0000000000000d18                __libc_init_array
 .text.memset   0x0000000000000d60       0x10 /home/kunyi/local/gcc-arm-none-eabi-6-2017-q1-update/bin/../lib/gcc/arm-none-eabi/6.3.1/../../../../arm-none-eabi/lib/thumb/v7e-m/fpv4-sp/hard/libg_nano.a(lib_a-memset.o)
                0x0000000000000d60                memset
 .text.printf   0x0000000000000d70       0x30 /home/kunyi/local/gcc-arm-none-eabi-6-2017-q1-update/bin/../lib/gcc/arm-none-eabi/6.3.1/../../../../arm-none-eabi/lib/thumb/v7e-m/fpv4-sp/hard/libg_nano.a(lib_a-printf.o)
                0x0000000000000d70                printf
                0x0000000000000d70                iprintf
 .text._puts_r  0x0000000000000da0       0xb8 /home/kunyi/local/gcc-arm-none-eabi-6-2017-q1-update/bin/../lib/gcc/arm-none-eabi/6.3.1/../../../../arm-none-eabi/lib/thumb/v7e-m/fpv4-sp/hard/libg_nano.a(lib_a-puts.o)
                0x0000000000000da0                _puts_r
 .text.puts     0x0000000000000e58       0x10 /home/kunyi/local/gcc-arm-none-eabi-6-2017-q1-update/bin/../lib/gcc/arm-none-eabi/6.3.1/../../../../arm-none-eabi/lib/thumb/v7e-m/fpv4-sp/hard/libg_nano.a(lib_a-puts.o)
                0x0000000000000e58                puts
 .text.__srget_r
                0x0000000000000e68       0x58 /home/kunyi/local/gcc-arm-none-eabi-6-2017-q1-update/bin/../lib/gcc/arm-none-eabi/6.3.1/../../../../arm-none-eabi/lib/thumb/v7e-m/fpv4-sp/hard/libg_nano.a(lib_a-rget.o)
                0x0000000000000e68                __srget_r
 .text.__swbuf_r
                0x0000000000000ec0       0xa4 /home/kunyi/local/gcc-arm-none-eabi-6-2017-q1-update/bin/../lib/gcc/arm-none-eabi/6.3.1/../../../../arm-none-eabi/lib/thumb/v7e-m/fpv4-sp/hard/libg_nano.a(lib_a-wbuf.o)
                0x0000000000000ec0                __swbuf_r
 .text.__swsetup_r
                0x0000000000000f64       0xdc /home/kunyi/local/gcc-arm-none-eabi-6-2017-q1-update/bin/../lib/gcc/arm-none-eabi/6.3.1/../../../../arm-none-eabi/lib/thumb/v7e-m/fpv4-sp/hard/libg_nano.a(lib_a-wsetup.o)
                0x0000000000000f64                __swsetup_r
 .text.__sflush_r
                0x0000000000001040      0x110 /home/kunyi/local/gcc-arm-none-eabi-6-2017-q1-update/bin/../lib/gcc/arm-none-eabi/6.3.1/../../../../arm-none-eabi/lib/thumb/v7e-m/fpv4-sp/hard/libg_nano.a(lib_a-fflush.o)
                0x0000000000001040                __sflush_r
 .text._fflush_r
                0x0000000000001150       0x54 /home/kunyi/local/gcc-arm-none-eabi-6-2017-q1-update/bin/../lib/gcc/arm-none-eabi/6.3.1/../../../../arm-none-eabi/lib/thumb/v7e-m/fpv4-sp/hard/libg_nano.a(lib_a-fflush.o)
                0x0000000000001150                _fflush_r
 .text.fflush   0x00000000000011a4       0x24 /home/kunyi/local/gcc-arm-none-eabi-6-2017-q1-update/bin/../lib/gcc/arm-none-eabi/6.3.1/../../../../arm-none-eabi/lib/thumb/v7e-m/fpv4-sp/hard/libg_nano.a(lib_a-fflush.o)
                0x00000000000011a4                fflush
 .text._cleanup_r
                0x00000000000011c8        0xc /home/kunyi/local/gcc-arm-none-eabi-6-2017-q1-update/bin/../lib/gcc/arm-none-eabi/6.3.1/../../../../arm-none-eabi/lib/thumb/v7e-m/fpv4-sp/hard/libg_nano.a(lib_a-findfp.o)
                0x00000000000011c8                _cleanup_r
 .text.std.isra.0
                0x00000000000011d4       0x48 /home/kunyi/local/gcc-arm-none-eabi-6-2017-q1-update/bin/../lib/gcc/arm-none-eabi/6.3.1/../../../../arm-none-eabi/lib/thumb/v7e-m/fpv4-sp/hard/libg_nano.a(lib_a-findfp.o)
 .text.__sfmoreglue
                0x000000000000121c       0x2c /home/kunyi/local/gcc-arm-none-eabi-6-2017-q1-update/bin/../lib/gcc/arm-none-eabi/6.3.1/../../../../arm-none-eabi/lib/thumb/v7e-m/fpv4-sp/hard/libg_nano.a(lib_a-findfp.o)
                0x000000000000121c                __sfmoreglue
 .text.__sinit  0x0000000000001248       0x60 /home/kunyi/local/gcc-arm-none-eabi-6-2017-q1-update/bin/../lib/gcc/arm-none-eabi/6.3.1/../../../../arm-none-eabi/lib/thumb/v7e-m/fpv4-sp/hard/libg_nano.a(lib_a-findfp.o)
                0x0000000000001248                __sinit
 .text.__sfp    0x00000000000012a8       0x78 /home/kunyi/local/gcc-arm-none-eabi-6-2017-q1-update/bin/../lib/gcc/arm-none-eabi/6.3.1/../../../../arm-none-eabi/lib/thumb/v7e-m/fpv4-sp/hard/libg_nano.a(lib_a-findfp.o)
                0x00000000000012a8                __sfp
 .text._fwalk   0x0000000000001320       0x38 /home/kunyi/local/gcc-arm-none-eabi-6-2017-q1-update/bin/../lib/gcc/arm-none-eabi/6.3.1/../../../../arm-none-eabi/lib/thumb/v7e-m/fpv4-sp/hard/libg_nano.a(lib_a-fwalk.o)
                0x0000000000001320                _fwalk
 .text._fwalk_reent
                0x0000000000001358       0x3c /home/kunyi/local/gcc-arm-none-eabi-6-2017-q1-update/bin/../lib/gcc/arm-none-eabi/6.3.1/../../../../arm-none-eabi/lib/thumb/v7e-m/fpv4-sp/hard/libg_nano.a(lib_a-fwalk.o)
                0x0000000000001358                _fwalk_reent
 .text.__swhatbuf_r
                0x0000000000001394       0x48 /home/kunyi/local/gcc-arm-none-eabi-6-2017-q1-update/bin/../lib/gcc/arm-none-eabi/6.3.1/../../../../arm-none-eabi/lib/thumb/v7e-m/fpv4-sp/hard/libg_nano.a(lib_a-makebuf.o)
                0x0000000000001394                __swhatbuf_r
 .text.__smakebuf_r
                0x00000000000013dc       0x80 /home/kunyi/local/gcc-arm-none-eabi-6-2017-q1-update/bin/../lib/gcc/arm-none-eabi/6.3.1/../../../../arm-none-eabi/lib/thumb/v7e-m/fpv4-sp/hard/libg_nano.a(lib_a-makebuf.o)
                0x00000000000013dc                __smakebuf_r
 .text._free_r  0x000000000000145c       0x9c /home/kunyi/local/gcc-arm-none-eabi-6-2017-q1-update/bin/../lib/gcc/arm-none-eabi/6.3.1/../../../../arm-none-eabi/lib/thumb/v7e-m/fpv4-sp/hard/libg_nano.a(lib_a-nano-freer.o)
                0x000000000000145c                _free_r
 .text._malloc_r
                0x00000000000014f8       0xbc /home/kunyi/local/gcc-arm-none-eabi-6-2017-q1-update/bin/../lib/gcc/arm-none-eabi/6.3.1/../../../../arm-none-eabi/lib/thumb/v7e-m/fpv4-sp/hard/libg_nano.a(lib_a-nano-mallocr.o)
                0x00000000000014f8                _malloc_r
 .text.__sfputc_r
                0x00000000000015b4       0x30 /home/kunyi/local/gcc-arm-none-eabi-6-2017-q1-update/bin/../lib/gcc/arm-none-eabi/6.3.1/../../../../arm-none-eabi/lib/thumb/v7e-m/fpv4-sp/hard/libg_nano.a(lib_a-nano-vfprintf.o)
 .text.__sfputs_r
                0x00000000000015e4       0x24 /home/kunyi/local/gcc-arm-none-eabi-6-2017-q1-update/bin/../lib/gcc/arm-none-eabi/6.3.1/../../../../arm-none-eabi/lib/thumb/v7e-m/fpv4-sp/hard/libg_nano.a(lib_a-nano-vfprintf.o)
                0x00000000000015e4                __sfputs_r
 .text._vfprintf_r
                0x0000000000001608      0x22c /home/kunyi/local/gcc-arm-none-eabi-6-2017-q1-update/bin/../lib/gcc/arm-none-eabi/6.3.1/../../../../arm-none-eabi/lib/thumb/v7e-m/fpv4-sp/hard/libg_nano.a(lib_a-nano-vfprintf.o)
                0x0000000000001608                _vfiprintf_r
                0x0000000000001608                _vfprintf_r
 .text._printf_common
                0x0000000000001834       0xec /home/kunyi/local/gcc-arm-none-eabi-6-2017-q1-update/bin/../lib/gcc/arm-none-eabi/6.3.1/../../../../arm-none-eabi/lib/thumb/v7e-m/fpv4-sp/hard/libg_nano.a(lib_a-nano-vfprintf_i.o)
                0x0000000000001834                _printf_common
 .text._printf_i
                0x0000000000001920      0x240 /home/kunyi/local/gcc-arm-none-eabi-6-2017-q1-update/bin/../lib/gcc/arm-none-eabi/6.3.1/../../../../arm-none-eabi/lib/thumb/v7e-m/fpv4-sp/hard/libg_nano.a(lib_a-nano-vfprintf_i.o)
                0x0000000000001920                _printf_i
 .text.lflush   0x0000000000001b60       0x12 /home/kunyi/local/gcc-arm-none-eabi-6-2017-q1-update/bin/../lib/gcc/arm-none-eabi/6.3.1/../../../../arm-none-eabi/lib/thumb/v7e-m/fpv4-sp/hard/libg_nano.a(lib_a-refill.o)
 *fill*         0x0000000000001b72        0x2 
 .text.__srefill_r
                0x0000000000001b74      0x114 /home/kunyi/local/gcc-arm-none-eabi-6-2017-q1-update/bin/../lib/gcc/arm-none-eabi/6.3.1/../../../../arm-none-eabi/lib/thumb/v7e-m/fpv4-sp/hard/libg_nano.a(lib_a-refill.o)
                0x0000000000001b74                __srefill_r
 .text._sbrk_r  0x0000000000001c88       0x20 /home/kunyi/local/gcc-arm-none-eabi-6-2017-q1-update/bin/../lib/gcc/arm-none-eabi/6.3.1/../../../../arm-none-eabi/lib/thumb/v7e-m/fpv4-sp/hard/libg_nano.a(lib_a-sbrkr.o)
                0x0000000000001c88                _sbrk_r
 .text.__sread  0x0000000000001ca8       0x22 /home/kunyi/local/gcc-arm-none-eabi-6-2017-q1-update/bin/../lib/gcc/arm-none-eabi/6.3.1/../../../../arm-none-eabi/lib/thumb/v7e-m/fpv4-sp/hard/libg_nano.a(lib_a-stdio.o)
                0x0000000000001ca8                __sread
 .text.__swrite
                0x0000000000001cca       0x38 /home/kunyi/local/gcc-arm-none-eabi-6-2017-q1-update/bin/../lib/gcc/arm-none-eabi/6.3.1/../../../../arm-none-eabi/lib/thumb/v7e-m/fpv4-sp/hard/libg_nano.a(lib_a-stdio.o)
                0x0000000000001cca                __swrite
 .text.__sseek  0x0000000000001d02       0x24 /home/kunyi/local/gcc-arm-none-eabi-6-2017-q1-update/bin/../lib/gcc/arm-none-eabi/6.3.1/../../../../arm-none-eabi/lib/thumb/v7e-m/fpv4-sp/hard/libg_nano.a(lib_a-stdio.o)
                0x0000000000001d02                __sseek
 .text.__sclose
                0x0000000000001d26        0x8 /home/kunyi/local/gcc-arm-none-eabi-6-2017-q1-update/bin/../lib/gcc/arm-none-eabi/6.3.1/../../../../arm-none-eabi/lib/thumb/v7e-m/fpv4-sp/hard/libg_nano.a(lib_a-stdio.o)
                0x0000000000001d26                __sclose
 *fill*         0x0000000000001d2e        0x2 
 .text._write_r
                0x0000000000001d30       0x24 /home/kunyi/local/gcc-arm-none-eabi-6-2017-q1-update/bin/../lib/gcc/arm-none-eabi/6.3.1/../../../../arm-none-eabi/lib/thumb/v7e-m/fpv4-sp/hard/libg_nano.a(lib_a-writer.o)
                0x0000000000001d30                _write_r
 .text._close_r
                0x0000000000001d54       0x20 /home/kunyi/local/gcc-arm-none-eabi-6-2017-q1-update/bin/../lib/gcc/arm-none-eabi/6.3.1/../../../../arm-none-eabi/lib/thumb/v7e-m/fpv4-sp/hard/libg_nano.a(lib_a-closer.o)
                0x0000000000001d54                _close_r
 .text._fstat_r
                0x0000000000001d74       0x24 /home/kunyi/local/gcc-arm-none-eabi-6-2017-q1-update/bin/../lib/gcc/arm-none-eabi/6.3.1/../../../../arm-none-eabi/lib/thumb/v7e-m/fpv4-sp/hard/libg_nano.a(lib_a-fstatr.o)
                0x0000000000001d74                _fstat_r
 .text._isatty_r
                0x0000000000001d98       0x20 /home/kunyi/local/gcc-arm-none-eabi-6-2017-q1-update/bin/../lib/gcc/arm-none-eabi/6.3.1/../../../../arm-none-eabi/lib/thumb/v7e-m/fpv4-sp/hard/libg_nano.a(lib_a-isattyr.o)
                0x0000000000001d98                _isatty_r
 .text._lseek_r
                0x0000000000001db8       0x24 /home/kunyi/local/gcc-arm-none-eabi-6-2017-q1-update/bin/../lib/gcc/arm-none-eabi/6.3.1/../../../../arm-none-eabi/lib/thumb/v7e-m/fpv4-sp/hard/libg_nano.a(lib_a-lseekr.o)
                0x0000000000001db8                _lseek_r
 *fill*         0x0000000000001ddc        0x4 
 .text          0x0000000000001de0       0xa0 /home/kunyi/local/gcc-arm-none-eabi-6-2017-q1-update/bin/../lib/gcc/arm-none-eabi/6.3.1/../../../../arm-none-eabi/lib/thumb/v7e-m/fpv4-sp/hard/libg_nano.a(lib_a-memchr.o)
                0x0000000000001de0                memchr
 .text.__malloc_lock
                0x0000000000001e80        0x2 /home/kunyi/local/gcc-arm-none-eabi-6-2017-q1-update/bin/../lib/gcc/arm-none-eabi/6.3.1/../../../../arm-none-eabi/lib/thumb/v7e-m/fpv4-sp/hard/libg_nano.a(lib_a-mlock.o)
                0x0000000000001e80                __malloc_lock
 .text.__malloc_unlock
                0x0000000000001e82        0x2 /home/kunyi/local/gcc-arm-none-eabi-6-2017-q1-update/bin/../lib/gcc/arm-none-eabi/6.3.1/../../../../arm-none-eabi/lib/thumb/v7e-m/fpv4-sp/hard/libg_nano.a(lib_a-mlock.o)
                0x0000000000001e82                __malloc_unlock
 .text._read_r  0x0000000000001e84       0x24 /home/kunyi/local/gcc-arm-none-eabi-6-2017-q1-update/bin/../lib/gcc/arm-none-eabi/6.3.1/../../../../arm-none-eabi/lib/thumb/v7e-m/fpv4-sp/hard/libg_nano.a(lib_a-readr.o)
                0x0000000000001e84                _read_r
 .text._sbrk    0x0000000000001ea8       0x1c /home/kunyi/local/gcc-arm-none-eabi-6-2017-q1-update/bin/../lib/gcc/arm-none-eabi/6.3.1/../../../../arm-none-eabi/lib/thumb/v7e-m/fpv4-sp/hard/libnosys.a(sbrk.o)
                0x0000000000001ea8                _sbrk
 .text._exit    0x0000000000001ec4        0x4 /home/kunyi/local/gcc-arm-none-eabi-6-2017-q1-update/bin/../lib/gcc/arm-none-eabi/6.3.1/../../../../arm-none-eabi/lib/thumb/v7e-m/fpv4-sp/hard/libnosys.a(_exit.o)
                0x0000000000001ec4                _exit
 *(.init)
 .init          0x0000000000001ec8        0x4 /home/kunyi/local/gcc-arm-none-eabi-6-2017-q1-update/bin/../lib/gcc/arm-none-eabi/6.3.1/thumb/v7e-m/fpv4-sp/hard/crti.o
                0x0000000000001ec8                _init
 .init          0x0000000000001ecc        0x8 /home/kunyi/local/gcc-arm-none-eabi-6-2017-q1-update/bin/../lib/gcc/arm-none-eabi/6.3.1/thumb/v7e-m/fpv4-sp/hard/crtn.o
 *(.fini)
 .fini          0x0000000000001ed4        0x4 /home/kunyi/local/gcc-arm-none-eabi-6-2017-q1-update/bin/../lib/gcc/arm-none-eabi/6.3.1/thumb/v7e-m/fpv4-sp/hard/crti.o
                0x0000000000001ed4                _fini
 .fini          0x0000000000001ed8        0x8 /home/kunyi/local/gcc-arm-none-eabi-6-2017-q1-update/bin/../lib/gcc/arm-none-eabi/6.3.1/thumb/v7e-m/fpv4-sp/hard/crtn.o
 *crtbegin.o(.ctors)
 *crtbegin?.o(.ctors)
 *(EXCLUDE_FILE(*crtend.o *crtend?.o) .ctors)
 *(SORT(.ctors.*))
 *(.ctors)
 *crtbegin.o(.dtors)
 *crtbegin?.o(.dtors)
 *(EXCLUDE_FILE(*crtend.o *crtend?.o) .dtors)
 *(SORT(.dtors.*))
 *(.dtors)
 *(.rodata*)
 .rodata.main.str1.4
                0x0000000000001ee0       0xba ./User/main.o
 *fill*         0x0000000000001f9a        0x2 
 .rodata        0x0000000000001f9c       0x24 ./Library/clk.o
 .rodata.Hard_Fault_Handler.str1.4
                0x0000000000001fc0       0x16 ./Library/retarget.o
 *fill*         0x0000000000001fd6        0x2 
 .rodata.stackDump.str1.4
                0x0000000000001fd8       0x60 ./Library/retarget.o
 .rodata        0x0000000000002038       0x10 ./Library/uart.o
 .rodata._global_impure_ptr
                0x0000000000002048        0x4 /home/kunyi/local/gcc-arm-none-eabi-6-2017-q1-update/bin/../lib/gcc/arm-none-eabi/6.3.1/../../../../arm-none-eabi/lib/thumb/v7e-m/fpv4-sp/hard/libg_nano.a(lib_a-impure.o)
                0x0000000000002048                _global_impure_ptr
 .rodata.__sf_fake_stderr
                0x000000000000204c       0x20 /home/kunyi/local/gcc-arm-none-eabi-6-2017-q1-update/bin/../lib/gcc/arm-none-eabi/6.3.1/../../../../arm-none-eabi/lib/thumb/v7e-m/fpv4-sp/hard/libg_nano.a(lib_a-findfp.o)
                0x000000000000204c                __sf_fake_stderr
 .rodata.__sf_fake_stdin
                0x000000000000206c       0x20 /home/kunyi/local/gcc-arm-none-eabi-6-2017-q1-update/bin/../lib/gcc/arm-none-eabi/6.3.1/../../../../arm-none-eabi/lib/thumb/v7e-m/fpv4-sp/hard/libg_nano.a(lib_a-findfp.o)
                0x000000000000206c                __sf_fake_stdin
 .rodata.__sf_fake_stdout
                0x000000000000208c       0x20 /home/kunyi/local/gcc-arm-none-eabi-6-2017-q1-update/bin/../lib/gcc/arm-none-eabi/6.3.1/../../../../arm-none-eabi/lib/thumb/v7e-m/fpv4-sp/hard/libg_nano.a(lib_a-findfp.o)
                0x000000000000208c                __sf_fake_stdout
 .rodata._vfprintf_r.str1.1
                0x00000000000020ac       0x11 /home/kunyi/local/gcc-arm-none-eabi-6-2017-q1-update/bin/../lib/gcc/arm-none-eabi/6.3.1/../../../../arm-none-eabi/lib/thumb/v7e-m/fpv4-sp/hard/libg_nano.a(lib_a-nano-vfprintf.o)
 .rodata._printf_i.str1.1
                0x00000000000020bd       0x22 /home/kunyi/local/gcc-arm-none-eabi-6-2017-q1-update/bin/../lib/gcc/arm-none-eabi/6.3.1/../../../../arm-none-eabi/lib/thumb/v7e-m/fpv4-sp/hard/libg_nano.a(lib_a-nano-vfprintf_i.o)
 *(.eh_frame*)
 *fill*         0x00000000000020df        0x1 
 .eh_frame      0x00000000000020e0        0x0 /home/kunyi/local/gcc-arm-none-eabi-6-2017-q1-update/bin/../lib/gcc/arm-none-eabi/6.3.1/thumb/v7e-m/fpv4-sp/hard/crtbegin.o
 .eh_frame      0x00000000000020e0        0x4 /home/kunyi/local/gcc-arm-none-eabi-6-2017-q1-update/bin/../lib/gcc/arm-none-eabi/6.3.1/thumb/v7e-m/fpv4-sp/hard/crtend.o

.glue_7         0x00000000000020e4        0x0
 .glue_7        0x00000000000020e4        0x0 linker stubs

.glue_7t        0x00000000000020e4        0x0
 .glue_7t       0x00000000000020e4        0x0 linker stubs

.vfp11_veneer   0x00000000000020e4        0x0
 .vfp11_veneer  0x00000000000020e4        0x0 linker stubs

.v4_bx          0x00000000000020e4        0x0
 .v4_bx         0x00000000000020e4        0x0 linker stubs

.iplt           0x00000000000020e4        0x0
 .iplt          0x00000000000020e4        0x0 /home/kunyi/local/gcc-arm-none-eabi-6-2017-q1-update/bin/../lib/gcc/arm-none-eabi/6.3.1/thumb/v7e-m/fpv4-sp/hard/crtbegin.o

.ARM.extab
 *(.ARM.extab* .gnu.linkonce.armextab.*)
                0x00000000000020e4                __exidx_start = .

.ARM.exidx      0x00000000000020e4        0x8
 *(.ARM.exidx* .gnu.linkonce.armexidx.*)
 .ARM.exidx     0x00000000000020e4        0x8 /home/kunyi/local/gcc-arm-none-eabi-6-2017-q1-update/bin/../lib/gcc/arm-none-eabi/6.3.1/../../../../arm-none-eabi/lib/thumb/v7e-m/fpv4-sp/hard/crt0.o
                0x00000000000020ec                __exidx_end = .
                0x00000000000020ec                __etext = .

.rel.dyn        0x00000000000020ec        0x0
 .rel.iplt      0x00000000000020ec        0x0 /home/kunyi/local/gcc-arm-none-eabi-6-2017-q1-update/bin/../lib/gcc/arm-none-eabi/6.3.1/thumb/v7e-m/fpv4-sp/hard/crtbegin.o

.data           0x0000000020000000       0x9c load address 0x00000000000020ec
                0x0000000020000000                __data_start__ = .
 *(vtable)
 *(.data*)
 .data.CyclesPerUs
                0x0000000020000000        0x4 ./CMSIS/system_M480.o
                0x0000000020000000                CyclesPerUs
 .data.PllClock
                0x0000000020000004        0x4 ./CMSIS/system_M480.o
                0x0000000020000004                PllClock
 .data.SystemCoreClock
                0x0000000020000008        0x4 ./CMSIS/system_M480.o
                0x0000000020000008                SystemCoreClock
 .data.gau32ClkSrcTbl
                0x000000002000000c       0x20 ./CMSIS/system_M480.o
                0x000000002000000c                gau32ClkSrcTbl
 .data._impure_ptr
                0x000000002000002c        0x4 /home/kunyi/local/gcc-arm-none-eabi-6-2017-q1-update/bin/../lib/gcc/arm-none-eabi/6.3.1/../../../../arm-none-eabi/lib/thumb/v7e-m/fpv4-sp/hard/libg_nano.a(lib_a-impure.o)
                0x000000002000002c                _impure_ptr
 .data.impure_data
                0x0000000020000030       0x60 /home/kunyi/local/gcc-arm-none-eabi-6-2017-q1-update/bin/../lib/gcc/arm-none-eabi/6.3.1/../../../../arm-none-eabi/lib/thumb/v7e-m/fpv4-sp/hard/libg_nano.a(lib_a-impure.o)
                0x0000000020000090                . = ALIGN (0x4)
                0x0000000020000090                PROVIDE (__preinit_array_start, .)
 *(.preinit_array)
                0x0000000020000090                PROVIDE (__preinit_array_end, .)
                0x0000000020000090                . = ALIGN (0x4)
                0x0000000020000090                PROVIDE (__init_array_start, .)
 *(SORT(.init_array.*))
 *(.init_array)
 .init_array    0x0000000020000090        0x4 /home/kunyi/local/gcc-arm-none-eabi-6-2017-q1-update/bin/../lib/gcc/arm-none-eabi/6.3.1/thumb/v7e-m/fpv4-sp/hard/crtbegin.o
                0x0000000020000094                PROVIDE (__init_array_end, .)
                0x0000000020000094                . = ALIGN (0x4)
                [!provide]                        PROVIDE (__fini_array_start, .)
 *(SORT(.fini_array.*))
 *(.fini_array)
 .fini_array    0x0000000020000094        0x4 /home/kunyi/local/gcc-arm-none-eabi-6-2017-q1-update/bin/../lib/gcc/arm-none-eabi/6.3.1/thumb/v7e-m/fpv4-sp/hard/crtbegin.o
                [!provide]                        PROVIDE (__fini_array_end, .)
 *(.jcr*)
 .jcr           0x0000000020000098        0x0 /home/kunyi/local/gcc-arm-none-eabi-6-2017-q1-update/bin/../lib/gcc/arm-none-eabi/6.3.1/thumb/v7e-m/fpv4-sp/hard/crtbegin.o
 .jcr           0x0000000020000098        0x4 /home/kunyi/local/gcc-arm-none-eabi-6-2017-q1-update/bin/../lib/gcc/arm-none-eabi/6.3.1/thumb/v7e-m/fpv4-sp/hard/crtend.o
                0x000000002000009c                . = ALIGN (0x4)
                0x000000002000009c                __data_end__ = .

.igot.plt       0x000000002000009c        0x0 load address 0x0000000000002188
 .igot.plt      0x000000002000009c        0x0 /home/kunyi/local/gcc-arm-none-eabi-6-2017-q1-update/bin/../lib/gcc/arm-none-eabi/6.3.1/thumb/v7e-m/fpv4-sp/hard/crtbegin.o

.bss            0x000000002000009c       0x2c load address 0x0000000000002188
                0x000000002000009c                . = ALIGN (0x4)
                0x000000002000009c                __bss_start__ = .
 *(.bss*)
 .bss           0x000000002000009c       0x1c /home/kunyi/local/gcc-arm-none-eabi-6-2017-q1-update/bin/../lib/gcc/arm-none-eabi/6.3.1/thumb/v7e-m/fpv4-sp/hard/crtbegin.o
 .bss.__malloc_free_list
                0x00000000200000b8        0x4 /home/kunyi/local/gcc-arm-none-eabi-6-2017-q1-update/bin/../lib/gcc/arm-none-eabi/6.3.1/../../../../arm-none-eabi/lib/thumb/v7e-m/fpv4-sp/hard/libg_nano.a(lib_a-nano-mallocr.o)
                0x00000000200000b8                __malloc_free_list
 .bss.__malloc_sbrk_start
                0x00000000200000bc        0x4 /home/kunyi/local/gcc-arm-none-eabi-6-2017-q1-update/bin/../lib/gcc/arm-none-eabi/6.3.1/../../../../arm-none-eabi/lib/thumb/v7e-m/fpv4-sp/hard/libg_nano.a(lib_a-nano-mallocr.o)
                0x00000000200000bc                __malloc_sbrk_start
 .bss.heap_end.5239
                0x00000000200000c0        0x4 /home/kunyi/local/gcc-arm-none-eabi-6-2017-q1-update/bin/../lib/gcc/arm-none-eabi/6.3.1/../../../../arm-none-eabi/lib/thumb/v7e-m/fpv4-sp/hard/libnosys.a(sbrk.o)
 *(COMMON)
 COMMON         0x00000000200000c4        0x4 ./CMSIS/GCC/_syscalls.o
                0x00000000200000c4                errno
                0x00000000200000c8                . = ALIGN (0x4)
                0x00000000200000c8                __bss_end__ = .

.heap           0x00000000200000c8      0x100
                0x00000000200000c8                __HeapBase = .
                0x00000000200000c8                __end__ = .
                0x00000000200000c8                end = __end__
 *(.heap*)
 .heap          0x00000000200000c8      0x100 ./CMSIS/GCC/startup_M480.o
                0x00000000200001c8                __HeapLimit = .

.stack_dummy    0x00000000200000c8      0x800
 *(.stack*)
 .stack         0x00000000200000c8      0x800 ./CMSIS/GCC/startup_M480.o
                0x0000000020020000                __StackTop = (ORIGIN (RAM) + LENGTH (RAM))
                0x000000002001f800                __StackLimit = (__StackTop - SIZEOF (.stack_dummy))
                0x0000000020020000                PROVIDE (__stack, __StackTop)
                0x0000000000000001                ASSERT ((__StackLimit >= __HeapLimit), region RAM overflowed with stack)
OUTPUT(BPWM_Sample.elf elf32-littlearm)

.ARM.attributes
                0x0000000000000000       0x30
 .ARM.attributes
                0x0000000000000000       0x22 /home/kunyi/local/gcc-arm-none-eabi-6-2017-q1-update/bin/../lib/gcc/arm-none-eabi/6.3.1/thumb/v7e-m/fpv4-sp/hard/crti.o
 .ARM.attributes
                0x0000000000000022       0x34 /home/kunyi/local/gcc-arm-none-eabi-6-2017-q1-update/bin/../lib/gcc/arm-none-eabi/6.3.1/thumb/v7e-m/fpv4-sp/hard/crtbegin.o
 .ARM.attributes
                0x0000000000000056       0x20 /home/kunyi/local/gcc-arm-none-eabi-6-2017-q1-update/bin/../lib/gcc/arm-none-eabi/6.3.1/../../../../arm-none-eabi/lib/thumb/v7e-m/fpv4-sp/hard/crt0.o
 .ARM.attributes
                0x0000000000000076       0x39 ./User/main.o
 .ARM.attributes
                0x00000000000000af       0x39 ./Library/bpwm.o
 .ARM.attributes
                0x00000000000000e8       0x39 ./Library/clk.o
 .ARM.attributes
                0x0000000000000121       0x39 ./Library/retarget.o
 .ARM.attributes
                0x000000000000015a       0x39 ./Library/uart.o
 .ARM.attributes
                0x0000000000000193       0x39 ./CMSIS/GCC/_syscalls.o
 .ARM.attributes
                0x00000000000001cc       0x1f ./CMSIS/GCC/startup_M480.o
 .ARM.attributes
                0x00000000000001eb       0x39 ./CMSIS/system_M480.o
 .ARM.attributes
                0x0000000000000224       0x34 /home/kunyi/local/gcc-arm-none-eabi-6-2017-q1-update/bin/../lib/gcc/arm-none-eabi/6.3.1/../../../../arm-none-eabi/lib/thumb/v7e-m/fpv4-sp/hard/libg_nano.a(lib_a-errno.o)
 .ARM.attributes
                0x0000000000000258       0x34 /home/kunyi/local/gcc-arm-none-eabi-6-2017-q1-update/bin/../lib/gcc/arm-none-eabi/6.3.1/../../../../arm-none-eabi/lib/thumb/v7e-m/fpv4-sp/hard/libg_nano.a(lib_a-exit.o)
 .ARM.attributes
                0x000000000000028c       0x34 /home/kunyi/local/gcc-arm-none-eabi-6-2017-q1-update/bin/../lib/gcc/arm-none-eabi/6.3.1/../../../../arm-none-eabi/lib/thumb/v7e-m/fpv4-sp/hard/libg_nano.a(lib_a-impure.o)
 .ARM.attributes
                0x00000000000002c0       0x34 /home/kunyi/local/gcc-arm-none-eabi-6-2017-q1-update/bin/../lib/gcc/arm-none-eabi/6.3.1/../../../../arm-none-eabi/lib/thumb/v7e-m/fpv4-sp/hard/libg_nano.a(lib_a-init.o)
 .ARM.attributes
                0x00000000000002f4       0x34 /home/kunyi/local/gcc-arm-none-eabi-6-2017-q1-update/bin/../lib/gcc/arm-none-eabi/6.3.1/../../../../arm-none-eabi/lib/thumb/v7e-m/fpv4-sp/hard/libg_nano.a(lib_a-memset.o)
 .ARM.attributes
                0x0000000000000328       0x34 /home/kunyi/local/gcc-arm-none-eabi-6-2017-q1-update/bin/../lib/gcc/arm-none-eabi/6.3.1/../../../../arm-none-eabi/lib/thumb/v7e-m/fpv4-sp/hard/libg_nano.a(lib_a-printf.o)
 .ARM.attributes
                0x000000000000035c       0x34 /home/kunyi/local/gcc-arm-none-eabi-6-2017-q1-update/bin/../lib/gcc/arm-none-eabi/6.3.1/../../../../arm-none-eabi/lib/thumb/v7e-m/fpv4-sp/hard/libg_nano.a(lib_a-puts.o)
 .ARM.attributes
                0x0000000000000390       0x34 /home/kunyi/local/gcc-arm-none-eabi-6-2017-q1-update/bin/../lib/gcc/arm-none-eabi/6.3.1/../../../../arm-none-eabi/lib/thumb/v7e-m/fpv4-sp/hard/libg_nano.a(lib_a-rget.o)
 .ARM.attributes
                0x00000000000003c4       0x34 /home/kunyi/local/gcc-arm-none-eabi-6-2017-q1-update/bin/../lib/gcc/arm-none-eabi/6.3.1/../../../../arm-none-eabi/lib/thumb/v7e-m/fpv4-sp/hard/libg_nano.a(lib_a-wbuf.o)
 .ARM.attributes
                0x00000000000003f8       0x34 /home/kunyi/local/gcc-arm-none-eabi-6-2017-q1-update/bin/../lib/gcc/arm-none-eabi/6.3.1/../../../../arm-none-eabi/lib/thumb/v7e-m/fpv4-sp/hard/libg_nano.a(lib_a-wsetup.o)
 .ARM.attributes
                0x000000000000042c       0x34 /home/kunyi/local/gcc-arm-none-eabi-6-2017-q1-update/bin/../lib/gcc/arm-none-eabi/6.3.1/../../../../arm-none-eabi/lib/thumb/v7e-m/fpv4-sp/hard/libg_nano.a(lib_a-fflush.o)
 .ARM.attributes
                0x0000000000000460       0x34 /home/kunyi/local/gcc-arm-none-eabi-6-2017-q1-update/bin/../lib/gcc/arm-none-eabi/6.3.1/../../../../arm-none-eabi/lib/thumb/v7e-m/fpv4-sp/hard/libg_nano.a(lib_a-findfp.o)
 .ARM.attributes
                0x0000000000000494       0x34 /home/kunyi/local/gcc-arm-none-eabi-6-2017-q1-update/bin/../lib/gcc/arm-none-eabi/6.3.1/../../../../arm-none-eabi/lib/thumb/v7e-m/fpv4-sp/hard/libg_nano.a(lib_a-fwalk.o)
 .ARM.attributes
                0x00000000000004c8       0x34 /home/kunyi/local/gcc-arm-none-eabi-6-2017-q1-update/bin/../lib/gcc/arm-none-eabi/6.3.1/../../../../arm-none-eabi/lib/thumb/v7e-m/fpv4-sp/hard/libg_nano.a(lib_a-makebuf.o)
 .ARM.attributes
                0x00000000000004fc       0x34 /home/kunyi/local/gcc-arm-none-eabi-6-2017-q1-update/bin/../lib/gcc/arm-none-eabi/6.3.1/../../../../arm-none-eabi/lib/thumb/v7e-m/fpv4-sp/hard/libg_nano.a(lib_a-nano-freer.o)
 .ARM.attributes
                0x0000000000000530       0x34 /home/kunyi/local/gcc-arm-none-eabi-6-2017-q1-update/bin/../lib/gcc/arm-none-eabi/6.3.1/../../../../arm-none-eabi/lib/thumb/v7e-m/fpv4-sp/hard/libg_nano.a(lib_a-nano-mallocr.o)
 .ARM.attributes
                0x0000000000000564       0x34 /home/kunyi/local/gcc-arm-none-eabi-6-2017-q1-update/bin/../lib/gcc/arm-none-eabi/6.3.1/../../../../arm-none-eabi/lib/thumb/v7e-m/fpv4-sp/hard/libg_nano.a(lib_a-nano-vfprintf.o)
 .ARM.attributes
                0x0000000000000598       0x34 /home/kunyi/local/gcc-arm-none-eabi-6-2017-q1-update/bin/../lib/gcc/arm-none-eabi/6.3.1/../../../../arm-none-eabi/lib/thumb/v7e-m/fpv4-sp/hard/libg_nano.a(lib_a-nano-vfprintf_i.o)
 .ARM.attributes
                0x00000000000005cc       0x34 /home/kunyi/local/gcc-arm-none-eabi-6-2017-q1-update/bin/../lib/gcc/arm-none-eabi/6.3.1/../../../../arm-none-eabi/lib/thumb/v7e-m/fpv4-sp/hard/libg_nano.a(lib_a-refill.o)
 .ARM.attributes
                0x0000000000000600       0x34 /home/kunyi/local/gcc-arm-none-eabi-6-2017-q1-update/bin/../lib/gcc/arm-none-eabi/6.3.1/../../../../arm-none-eabi/lib/thumb/v7e-m/fpv4-sp/hard/libg_nano.a(lib_a-sbrkr.o)
 .ARM.attributes
                0x0000000000000634       0x34 /home/kunyi/local/gcc-arm-none-eabi-6-2017-q1-update/bin/../lib/gcc/arm-none-eabi/6.3.1/../../../../arm-none-eabi/lib/thumb/v7e-m/fpv4-sp/hard/libg_nano.a(lib_a-stdio.o)
 .ARM.attributes
                0x0000000000000668       0x34 /home/kunyi/local/gcc-arm-none-eabi-6-2017-q1-update/bin/../lib/gcc/arm-none-eabi/6.3.1/../../../../arm-none-eabi/lib/thumb/v7e-m/fpv4-sp/hard/libg_nano.a(lib_a-writer.o)
 .ARM.attributes
                0x000000000000069c       0x34 /home/kunyi/local/gcc-arm-none-eabi-6-2017-q1-update/bin/../lib/gcc/arm-none-eabi/6.3.1/../../../../arm-none-eabi/lib/thumb/v7e-m/fpv4-sp/hard/libg_nano.a(lib_a-closer.o)
 .ARM.attributes
                0x00000000000006d0       0x34 /home/kunyi/local/gcc-arm-none-eabi-6-2017-q1-update/bin/../lib/gcc/arm-none-eabi/6.3.1/../../../../arm-none-eabi/lib/thumb/v7e-m/fpv4-sp/hard/libg_nano.a(lib_a-fstatr.o)
 .ARM.attributes
                0x0000000000000704       0x34 /home/kunyi/local/gcc-arm-none-eabi-6-2017-q1-update/bin/../lib/gcc/arm-none-eabi/6.3.1/../../../../arm-none-eabi/lib/thumb/v7e-m/fpv4-sp/hard/libg_nano.a(lib_a-isattyr.o)
 .ARM.attributes
                0x0000000000000738       0x34 /home/kunyi/local/gcc-arm-none-eabi-6-2017-q1-update/bin/../lib/gcc/arm-none-eabi/6.3.1/../../../../arm-none-eabi/lib/thumb/v7e-m/fpv4-sp/hard/libg_nano.a(lib_a-lseekr.o)
 .ARM.attributes
                0x000000000000076c       0x20 /home/kunyi/local/gcc-arm-none-eabi-6-2017-q1-update/bin/../lib/gcc/arm-none-eabi/6.3.1/../../../../arm-none-eabi/lib/thumb/v7e-m/fpv4-sp/hard/libg_nano.a(lib_a-memchr.o)
 .ARM.attributes
                0x000000000000078c       0x34 /home/kunyi/local/gcc-arm-none-eabi-6-2017-q1-update/bin/../lib/gcc/arm-none-eabi/6.3.1/../../../../arm-none-eabi/lib/thumb/v7e-m/fpv4-sp/hard/libg_nano.a(lib_a-mlock.o)
 .ARM.attributes
                0x00000000000007c0       0x34 /home/kunyi/local/gcc-arm-none-eabi-6-2017-q1-update/bin/../lib/gcc/arm-none-eabi/6.3.1/../../../../arm-none-eabi/lib/thumb/v7e-m/fpv4-sp/hard/libg_nano.a(lib_a-readr.o)
 .ARM.attributes
                0x00000000000007f4       0x34 /home/kunyi/local/gcc-arm-none-eabi-6-2017-q1-update/bin/../lib/gcc/arm-none-eabi/6.3.1/thumb/v7e-m/fpv4-sp/hard/crtend.o
 .ARM.attributes
                0x0000000000000828       0x22 /home/kunyi/local/gcc-arm-none-eabi-6-2017-q1-update/bin/../lib/gcc/arm-none-eabi/6.3.1/thumb/v7e-m/fpv4-sp/hard/crtn.o
 .ARM.attributes
                0x000000000000084a       0x34 /home/kunyi/local/gcc-arm-none-eabi-6-2017-q1-update/bin/../lib/gcc/arm-none-eabi/6.3.1/../../../../arm-none-eabi/lib/thumb/v7e-m/fpv4-sp/hard/libnosys.a(sbrk.o)
 .ARM.attributes
                0x000000000000087e       0x34 /home/kunyi/local/gcc-arm-none-eabi-6-2017-q1-update/bin/../lib/gcc/arm-none-eabi/6.3.1/../../../../arm-none-eabi/lib/thumb/v7e-m/fpv4-sp/hard/libnosys.a(_exit.o)

.comment        0x0000000000000000       0x7f
 .comment       0x0000000000000000       0x7f ./User/main.o
                                         0x80 (size before relaxing)
 .comment       0x000000000000007f       0x80 ./Library/bpwm.o
 .comment       0x000000000000007f       0x80 ./Library/clk.o
 .comment       0x000000000000007f       0x80 ./Library/retarget.o
 .comment       0x000000000000007f       0x80 ./Library/uart.o
 .comment       0x000000000000007f       0x80 ./CMSIS/GCC/_syscalls.o
 .comment       0x000000000000007f       0x80 ./CMSIS/system_M480.o

.debug_info     0x0000000000000000     0x96a1
 .debug_info    0x0000000000000000     0x196e ./User/main.o
 .debug_info    0x000000000000196e     0x1a9d ./Library/bpwm.o
 .debug_info    0x000000000000340b     0x1852 ./Library/clk.o
 .debug_info    0x0000000000004c5d     0x1013 ./Library/retarget.o
 .debug_info    0x0000000000005c70     0x1386 ./Library/uart.o
 .debug_info    0x0000000000006ff6     0x11bb ./CMSIS/GCC/_syscalls.o
 .debug_info    0x00000000000081b1       0x7f ./CMSIS/GCC/startup_M480.o
 .debug_info    0x0000000000008230     0x1471 ./CMSIS/system_M480.o

.debug_abbrev   0x0000000000000000     0x131d
 .debug_abbrev  0x0000000000000000      0x26e ./User/main.o
 .debug_abbrev  0x000000000000026e      0x2ce ./Library/bpwm.o
 .debug_abbrev  0x000000000000053c      0x326 ./Library/clk.o
 .debug_abbrev  0x0000000000000862      0x340 ./Library/retarget.o
 .debug_abbrev  0x0000000000000ba2      0x29a ./Library/uart.o
 .debug_abbrev  0x0000000000000e3c      0x289 ./CMSIS/GCC/_syscalls.o
 .debug_abbrev  0x00000000000010c5       0x14 ./CMSIS/GCC/startup_M480.o
 .debug_abbrev  0x00000000000010d9      0x244 ./CMSIS/system_M480.o

.debug_aranges  0x0000000000000000      0x468
 .debug_aranges
                0x0000000000000000       0x28 ./User/main.o
 .debug_aranges
                0x0000000000000028      0x128 ./Library/bpwm.o
 .debug_aranges
                0x0000000000000150      0x108 ./Library/clk.o
 .debug_aranges
                0x0000000000000258       0x70 ./Library/retarget.o
 .debug_aranges
                0x00000000000002c8       0x88 ./Library/uart.o
 .debug_aranges
                0x0000000000000350       0xd0 ./CMSIS/GCC/_syscalls.o
 .debug_aranges
                0x0000000000000420       0x20 ./CMSIS/GCC/startup_M480.o
 .debug_aranges
                0x0000000000000440       0x28 ./CMSIS/system_M480.o

.debug_ranges   0x0000000000000000      0x3f0
 .debug_ranges  0x0000000000000000       0x18 ./User/main.o
 .debug_ranges  0x0000000000000018      0x130 ./Library/bpwm.o
 .debug_ranges  0x0000000000000148       0xf8 ./Library/clk.o
 .debug_ranges  0x0000000000000240       0x60 ./Library/retarget.o
 .debug_ranges  0x00000000000002a0       0x78 ./Library/uart.o
 .debug_ranges  0x0000000000000318       0xc0 ./CMSIS/GCC/_syscalls.o
 .debug_ranges  0x00000000000003d8       0x18 ./CMSIS/system_M480.o

.debug_line     0x0000000000000000     0x1b91
 .debug_line    0x0000000000000000      0x335 ./User/main.o
 .debug_line    0x0000000000000335      0x4f7 ./Library/bpwm.o
 .debug_line    0x000000000000082c      0x548 ./Library/clk.o
 .debug_line    0x0000000000000d74      0x373 ./Library/retarget.o
 .debug_line    0x00000000000010e7      0x3ec ./Library/uart.o
 .debug_line    0x00000000000014d3      0x3ba ./CMSIS/GCC/_syscalls.o
 .debug_line    0x000000000000188d       0x7f ./CMSIS/GCC/startup_M480.o
 .debug_line    0x000000000000190c      0x285 ./CMSIS/system_M480.o

.debug_str      0x0000000000000000     0x1b84
 .debug_str     0x0000000000000000      0xd75 ./User/main.o
                                        0xe48 (size before relaxing)
 .debug_str     0x0000000000000d75      0x3cc ./Library/bpwm.o
                                        0xf03 (size before relaxing)
 .debug_str     0x0000000000001141      0x39f ./Library/clk.o
                                        0xdf2 (size before relaxing)
 .debug_str     0x00000000000014e0       0xa2 ./Library/retarget.o
                                        0x9c8 (size before relaxing)
 .debug_str     0x0000000000001582      0x1e4 ./Library/uart.o
                                        0xc38 (size before relaxing)
 .debug_str     0x0000000000001766      0x2aa ./CMSIS/GCC/_syscalls.o
                                        0x8cf (size before relaxing)
 .debug_str     0x0000000000001a10      0x174 ./CMSIS/system_M480.o
                                        0xc10 (size before relaxing)

.debug_frame    0x0000000000000000     0x11fc
 .debug_frame   0x0000000000000000       0x40 ./User/main.o
 .debug_frame   0x0000000000000040      0x258 ./Library/bpwm.o
 .debug_frame   0x0000000000000298      0x2ac ./Library/clk.o
 .debug_frame   0x0000000000000544       0xf8 ./Library/retarget.o
 .debug_frame   0x000000000000063c      0x160 ./Library/uart.o
 .debug_frame   0x000000000000079c      0x230 ./CMSIS/GCC/_syscalls.o
 .debug_frame   0x00000000000009cc       0x38 ./CMSIS/system_M480.o
 .debug_frame   0x0000000000000a04       0x20 /home/kunyi/local/gcc-arm-none-eabi-6-2017-q1-update/bin/../lib/gcc/arm-none-eabi/6.3.1/../../../../arm-none-eabi/lib/thumb/v7e-m/fpv4-sp/hard/libg_nano.a(lib_a-errno.o)
 .debug_frame   0x0000000000000a24       0x28 /home/kunyi/local/gcc-arm-none-eabi-6-2017-q1-update/bin/../lib/gcc/arm-none-eabi/6.3.1/../../../../arm-none-eabi/lib/thumb/v7e-m/fpv4-sp/hard/libg_nano.a(lib_a-exit.o)
 .debug_frame   0x0000000000000a4c       0x2c /home/kunyi/local/gcc-arm-none-eabi-6-2017-q1-update/bin/../lib/gcc/arm-none-eabi/6.3.1/../../../../arm-none-eabi/lib/thumb/v7e-m/fpv4-sp/hard/libg_nano.a(lib_a-init.o)
 .debug_frame   0x0000000000000a78       0x20 /home/kunyi/local/gcc-arm-none-eabi-6-2017-q1-update/bin/../lib/gcc/arm-none-eabi/6.3.1/../../../../arm-none-eabi/lib/thumb/v7e-m/fpv4-sp/hard/libg_nano.a(lib_a-memset.o)
 .debug_frame   0x0000000000000a98       0x74 /home/kunyi/local/gcc-arm-none-eabi-6-2017-q1-update/bin/../lib/gcc/arm-none-eabi/6.3.1/../../../../arm-none-eabi/lib/thumb/v7e-m/fpv4-sp/hard/libg_nano.a(lib_a-printf.o)
 .debug_frame   0x0000000000000b0c       0x3c /home/kunyi/local/gcc-arm-none-eabi-6-2017-q1-update/bin/../lib/gcc/arm-none-eabi/6.3.1/../../../../arm-none-eabi/lib/thumb/v7e-m/fpv4-sp/hard/libg_nano.a(lib_a-puts.o)
 .debug_frame   0x0000000000000b48       0x3c /home/kunyi/local/gcc-arm-none-eabi-6-2017-q1-update/bin/../lib/gcc/arm-none-eabi/6.3.1/../../../../arm-none-eabi/lib/thumb/v7e-m/fpv4-sp/hard/libg_nano.a(lib_a-rget.o)
 .debug_frame   0x0000000000000b84       0x40 /home/kunyi/local/gcc-arm-none-eabi-6-2017-q1-update/bin/../lib/gcc/arm-none-eabi/6.3.1/../../../../arm-none-eabi/lib/thumb/v7e-m/fpv4-sp/hard/libg_nano.a(lib_a-wbuf.o)
 .debug_frame   0x0000000000000bc4       0x2c /home/kunyi/local/gcc-arm-none-eabi-6-2017-q1-update/bin/../lib/gcc/arm-none-eabi/6.3.1/../../../../arm-none-eabi/lib/thumb/v7e-m/fpv4-sp/hard/libg_nano.a(lib_a-wsetup.o)
 .debug_frame   0x0000000000000bf0       0x68 /home/kunyi/local/gcc-arm-none-eabi-6-2017-q1-update/bin/../lib/gcc/arm-none-eabi/6.3.1/../../../../arm-none-eabi/lib/thumb/v7e-m/fpv4-sp/hard/libg_nano.a(lib_a-fflush.o)
 .debug_frame   0x0000000000000c58      0x11c /home/kunyi/local/gcc-arm-none-eabi-6-2017-q1-update/bin/../lib/gcc/arm-none-eabi/6.3.1/../../../../arm-none-eabi/lib/thumb/v7e-m/fpv4-sp/hard/libg_nano.a(lib_a-findfp.o)
 .debug_frame   0x0000000000000d74       0x54 /home/kunyi/local/gcc-arm-none-eabi-6-2017-q1-update/bin/../lib/gcc/arm-none-eabi/6.3.1/../../../../arm-none-eabi/lib/thumb/v7e-m/fpv4-sp/hard/libg_nano.a(lib_a-fwalk.o)
 .debug_frame   0x0000000000000dc8       0x58 /home/kunyi/local/gcc-arm-none-eabi-6-2017-q1-update/bin/../lib/gcc/arm-none-eabi/6.3.1/../../../../arm-none-eabi/lib/thumb/v7e-m/fpv4-sp/hard/libg_nano.a(lib_a-makebuf.o)
 .debug_frame   0x0000000000000e20       0x38 /home/kunyi/local/gcc-arm-none-eabi-6-2017-q1-update/bin/../lib/gcc/arm-none-eabi/6.3.1/../../../../arm-none-eabi/lib/thumb/v7e-m/fpv4-sp/hard/libg_nano.a(lib_a-nano-freer.o)
 .debug_frame   0x0000000000000e58       0x2c /home/kunyi/local/gcc-arm-none-eabi-6-2017-q1-update/bin/../lib/gcc/arm-none-eabi/6.3.1/../../../../arm-none-eabi/lib/thumb/v7e-m/fpv4-sp/hard/libg_nano.a(lib_a-nano-mallocr.o)
 .debug_frame   0x0000000000000e84       0xac /home/kunyi/local/gcc-arm-none-eabi-6-2017-q1-update/bin/../lib/gcc/arm-none-eabi/6.3.1/../../../../arm-none-eabi/lib/thumb/v7e-m/fpv4-sp/hard/libg_nano.a(lib_a-nano-vfprintf.o)
 .debug_frame   0x0000000000000f30       0x60 /home/kunyi/local/gcc-arm-none-eabi-6-2017-q1-update/bin/../lib/gcc/arm-none-eabi/6.3.1/../../../../arm-none-eabi/lib/thumb/v7e-m/fpv4-sp/hard/libg_nano.a(lib_a-nano-vfprintf_i.o)
 .debug_frame   0x0000000000000f90       0x40 /home/kunyi/local/gcc-arm-none-eabi-6-2017-q1-update/bin/../lib/gcc/arm-none-eabi/6.3.1/../../../../arm-none-eabi/lib/thumb/v7e-m/fpv4-sp/hard/libg_nano.a(lib_a-refill.o)
 .debug_frame   0x0000000000000fd0       0x2c /home/kunyi/local/gcc-arm-none-eabi-6-2017-q1-update/bin/../lib/gcc/arm-none-eabi/6.3.1/../../../../arm-none-eabi/lib/thumb/v7e-m/fpv4-sp/hard/libg_nano.a(lib_a-sbrkr.o)
 .debug_frame   0x0000000000000ffc       0x88 /home/kunyi/local/gcc-arm-none-eabi-6-2017-q1-update/bin/../lib/gcc/arm-none-eabi/6.3.1/../../../../arm-none-eabi/lib/thumb/v7e-m/fpv4-sp/hard/libg_nano.a(lib_a-stdio.o)
 .debug_frame   0x0000000000001084       0x2c /home/kunyi/local/gcc-arm-none-eabi-6-2017-q1-update/bin/../lib/gcc/arm-none-eabi/6.3.1/../../../../arm-none-eabi/lib/thumb/v7e-m/fpv4-sp/hard/libg_nano.a(lib_a-writer.o)
 .debug_frame   0x00000000000010b0       0x2c /home/kunyi/local/gcc-arm-none-eabi-6-2017-q1-update/bin/../lib/gcc/arm-none-eabi/6.3.1/../../../../arm-none-eabi/lib/thumb/v7e-m/fpv4-sp/hard/libg_nano.a(lib_a-closer.o)
 .debug_frame   0x00000000000010dc       0x2c /home/kunyi/local/gcc-arm-none-eabi-6-2017-q1-update/bin/../lib/gcc/arm-none-eabi/6.3.1/../../../../arm-none-eabi/lib/thumb/v7e-m/fpv4-sp/hard/libg_nano.a(lib_a-fstatr.o)
 .debug_frame   0x0000000000001108       0x2c /home/kunyi/local/gcc-arm-none-eabi-6-2017-q1-update/bin/../lib/gcc/arm-none-eabi/6.3.1/../../../../arm-none-eabi/lib/thumb/v7e-m/fpv4-sp/hard/libg_nano.a(lib_a-isattyr.o)
 .debug_frame   0x0000000000001134       0x2c /home/kunyi/local/gcc-arm-none-eabi-6-2017-q1-update/bin/../lib/gcc/arm-none-eabi/6.3.1/../../../../arm-none-eabi/lib/thumb/v7e-m/fpv4-sp/hard/libg_nano.a(lib_a-lseekr.o)
 .debug_frame   0x0000000000001160       0x30 /home/kunyi/local/gcc-arm-none-eabi-6-2017-q1-update/bin/../lib/gcc/arm-none-eabi/6.3.1/../../../../arm-none-eabi/lib/thumb/v7e-m/fpv4-sp/hard/libg_nano.a(lib_a-mlock.o)
 .debug_frame   0x0000000000001190       0x2c /home/kunyi/local/gcc-arm-none-eabi-6-2017-q1-update/bin/../lib/gcc/arm-none-eabi/6.3.1/../../../../arm-none-eabi/lib/thumb/v7e-m/fpv4-sp/hard/libg_nano.a(lib_a-readr.o)
 .debug_frame   0x00000000000011bc       0x20 /home/kunyi/local/gcc-arm-none-eabi-6-2017-q1-update/bin/../lib/gcc/arm-none-eabi/6.3.1/../../../../arm-none-eabi/lib/thumb/v7e-m/fpv4-sp/hard/libnosys.a(sbrk.o)
 .debug_frame   0x00000000000011dc       0x20 /home/kunyi/local/gcc-arm-none-eabi-6-2017-q1-update/bin/../lib/gcc/arm-none-eabi/6.3.1/../../../../arm-none-eabi/lib/thumb/v7e-m/fpv4-sp/hard/libnosys.a(_exit.o)

.debug_loc      0x0000000000000000     0x21bd
 .debug_loc     0x0000000000000000      0x841 ./Library/bpwm.o
 .debug_loc     0x0000000000000841      0xa1d ./Library/clk.o
 .debug_loc     0x000000000000125e      0x18d ./Library/retarget.o
 .debug_loc     0x00000000000013eb      0x850 ./Library/uart.o
 .debug_loc     0x0000000000001c3b      0x549 ./CMSIS/GCC/_syscalls.o
 .debug_loc     0x0000000000002184       0x39 ./CMSIS/system_M480.o
